// Jest Snapshot v1, https://goo.gl/fbAQLP

exports[`<GitHubMark /> renders correctly 1`] = `
<div>
  <a
    class="logo"
    href="https://github.com/nhantdn/learnreact"
    rel="noopener noreferrer"
    target="_blank"
  >
    <img
      alt="Hosted by GitHub"
      src="github-mark-light.svg"
    />
  </a>
</div>
`;
