// Jest Snapshot v1, https://goo.gl/fbAQLP

exports[`<PhotoThumbnail /> renders without crashing 1`] = `
<DocumentFragment>
  <a
    class="photo "
    href="#link"
    rel="noopener noreferrer"
    style="background-image: url(#background);"
    target="_blank"
  >
    <span
      class="photo__desc"
    >
      description
    </span>
  </a>
</DocumentFragment>
`;
